
[1m    Argument for [33m-c[37m is not found on command line.(B[m

