
[1m    Argument for [33m--cluster=[37m is not found on command line.(B[m

