[m    Cluster directory name, test/test, not found.
